// Address.ts
export interface Address {
  postCode: string;
  city: string;
  country: string;
}
