// Carrier.ts
export enum Carrier {
  TNT = "TNT",
  PostNL = "PostNL"
}
