// PriceResult.ts
export interface PriceResult {
  price?: number;
  currency?: string;
}
