// Shipment.ts
import { ShipmentWithoutProduct } from "./ShipmentWithoutProduct";
import { ProductDefinition } from "./ProductDefinition";

export interface Shipment extends ShipmentWithoutProduct {
  pickupDateTime: string;
  carrierProduct: ProductDefinition;
}
